// Jest Snapshot v1, https://goo.gl/fbAQLP

exports[`lint snapshot 1`] = `
Array [
  "octavius: colors.octaviusColorCrossNavigationHeaderFieldBackground error: Color token type mismatch: opaque token name but alpha value",
  "octavius: colors.octaviusColorCrossNavigationHeaderFieldBorder error: Color token type mismatch: opaque token name but alpha value",
  "octaviusDark: colors.octaviusColorCrossNavigationHeaderFieldBackground error: Color token type mismatch: opaque token name but alpha value",
  "octaviusDark: colors.octaviusColorCrossNavigationHeaderFieldBorder error: Color token type mismatch: opaque token name but alpha value",
  "octaviusCompact: colors.octaviusColorCrossNavigationHeaderFieldBackground error: Color token type mismatch: opaque token name but alpha value",
  "octaviusCompact: colors.octaviusColorCrossNavigationHeaderFieldBorder error: Color token type mismatch: opaque token name but alpha value",
  "octaviusCompactDark: colors.octaviusColorCrossNavigationHeaderFieldBackground error: Color token type mismatch: opaque token name but alpha value",
  "octaviusCompactDark: colors.octaviusColorCrossNavigationHeaderFieldBorder error: Color token type mismatch: opaque token name but alpha value",
  "octaviusVK: colors.octaviusColorCrossNavigationHeaderFieldBackground error: Color token type mismatch: opaque token name but alpha value",
  "octaviusVK: colors.octaviusColorCrossNavigationHeaderFieldBorder error: Color token type mismatch: opaque token name but alpha value",
  "octaviusVKDark: colors.octaviusColorCrossNavigationHeaderFieldBackground error: Color token type mismatch: opaque token name but alpha value",
  "octaviusVKDark: colors.octaviusColorCrossNavigationHeaderFieldBorder error: Color token type mismatch: opaque token name but alpha value",
  "octaviusWhite: colors.octaviusColorCrossNavigationHeaderFieldBackground error: Color token type mismatch: opaque token name but alpha value",
  "octaviusWhite: colors.octaviusColorCrossNavigationHeaderFieldBorder error: Color token type mismatch: opaque token name but alpha value",
]
`;
